16:07:43 **** Incremental Build of configuration Debug for project micro-Ros_Hello_World ****
make -j8 all 
docker pull microros/micro_ros_static_library_builder:jazzy && docker run --rm -v "/home/ivan/Desktop/Unicamp/IvanUnicamp/Disciplinas/IM_420_Sistemas_Embarcados_de_Tempo_Real/prof_microRos/micro-Ros_Hello_World":/project --env MICROROS_LIBRARY_FOLDER=micro_ros_stm32cubemx_utils/microros_static_library_ide microros/micro_ros_static_library_builder:jazzy
jazzy: Pulling from microros/micro_ros_static_library_builder
Digest: sha256:0b31cdb6470e979e9f4af9fc83ffd36bbfee441322de8edaf221aa175a29aa7c
Status: Image is up to date for microros/micro_ros_static_library_builder:jazzy
docker.io/microros/micro_ros_static_library_builder:jazzy
dos2unix: converting file /project/micro_ros_stm32cubemx_utils/microros_static_library_ide/library_generation/library_generation.sh to Unix format...
micro-ROS library found. Skipping...
Delete micro_ros_stm32cubemx_utils/microros_static_library_ide/libmicroros/ for rebuild.
 
arm-none-eabi-size  micro-Ros_Hello_World.elf 
   text	   data	    bss	    dec	    hex	filename
  95320	    368	  76648	 172336	  2a130	micro-Ros_Hello_World.elf
Finished building: default.size.stdout
 
16:08:14 **** Incremental Build of configuration Debug for project micro-Ros_Hello_World ****
make -j8 all 
docker pull microros/micro_ros_static_library_builder:jazzy && docker run --rm -v "/home/ivan/Desktop/Unicamp/IvanUnicamp/Disciplinas/IM_420_Sistemas_Embarcados_de_Tempo_Real/prof_microRos/micro-Ros_Hello_World":/project --env MICROROS_LIBRARY_FOLDER=micro_ros_stm32cubemx_utils/microros_static_library_ide microros/micro_ros_static_library_builder:jazzy
jazzy: Pulling from microros/micro_ros_static_library_builder
Digest: sha256:0b31cdb6470e979e9f4af9fc83ffd36bbfee441322de8edaf221aa175a29aa7c
Status: Image is up to date for microros/micro_ros_static_library_builder:jazzy
docker.io/microros/micro_ros_static_library_builder:jazzy
dos2unix: converting file /project/micro_ros_stm32cubemx_utils/microros_static_library_ide/library_generation/library_generation.sh to Unix format...
micro-ROS library found. Skipping...
Delete micro_ros_stm32cubemx_utils/microros_static_library_ide/libmicroros/ for rebuild.
 
arm-none-eabi-size  micro-Ros_Hello_World.elf 
   text	   data	    bss	    dec	    hex	filename
  95320	    368	  76648	 172336	  2a130	micro-Ros_Hello_World.elf
Finished building: default.size.stdout
 
17:45:36 **** Incremental Build of configuration Debug for project micro-Ros_Hello_World ****
make -j8 all 
docker pull microros/micro_ros_static_library_builder:jazzy && docker run --rm -v "/home/ivan/Desktop/Unicamp/IvanUnicamp/Disciplinas/IM_420_Sistemas_Embarcados_de_Tempo_Real/prof_microRos/micro-Ros_Hello_World":/project --env MICROROS_LIBRARY_FOLDER=micro_ros_stm32cubemx_utils/microros_static_library_ide microros/micro_ros_static_library_builder:jazzy
jazzy: Pulling from microros/micro_ros_static_library_builder
Digest: sha256:0b31cdb6470e979e9f4af9fc83ffd36bbfee441322de8edaf221aa175a29aa7c
Status: Image is up to date for microros/micro_ros_static_library_builder:jazzy
docker.io/microros/micro_ros_static_library_builder:jazzy
dos2unix: converting file /project/micro_ros_stm32cubemx_utils/microros_static_library_ide/library_generation/library_generation.sh to Unix format...
micro-ROS library found. Skipping...
Delete micro_ros_stm32cubemx_utils/microros_static_library_ide/libmicroros/ for rebuild.
 
arm-none-eabi-size  micro-Ros_Hello_World.elf 
   text	   data	    bss	    dec	    hex	filename
  95320	    368	  76648	 172336	  2a130	micro-Ros_Hello_World.elf
Finished building: default.size.stdout
 
20:17:56 **** Incremental Build of configuration Debug for project micro-Ros_Hello_World ****
make -j8 all 
docker pull microros/micro_ros_static_library_builder:jazzy && docker run --rm -v "/home/ivan/Desktop/Unicamp/IvanUnicamp/Disciplinas/IM_420_Sistemas_Embarcados_de_Tempo_Real/prof_microRos/micro-Ros_Hello_World":/project --env MICROROS_LIBRARY_FOLDER=micro_ros_stm32cubemx_utils/microros_static_library_ide microros/micro_ros_static_library_builder:jazzy
jazzy: Pulling from microros/micro_ros_static_library_builder
Digest: sha256:0b31cdb6470e979e9f4af9fc83ffd36bbfee441322de8edaf221aa175a29aa7c
Status: Image is up to date for microros/micro_ros_static_library_builder:jazzy
docker.io/microros/micro_ros_static_library_builder:jazzy
dos2unix: converting file /project/micro_ros_stm32cubemx_utils/microros_static_library_ide/library_generation/library_generation.sh to Unix format...
micro-ROS library found. Skipping...
Delete micro_ros_stm32cubemx_utils/microros_static_library_ide/libmicroros/ for rebuild.
 
arm-none-eabi-gcc "../Core/Src/app_freertos.c" -mcpu=cortex-m4 -std=gnu11 -g3 -DDEBUG -DUSE_HAL_DRIVER -DSTM32G474xx -c -I../Core/Inc -I../Drivers/STM32G4xx_HAL_Driver/Inc -I"/home/ivan/Desktop/Unicamp/IvanUnicamp/Disciplinas/IM_420_Sistemas_Embarcados_de_Tempo_Real/prof_microRos/micro-Ros_Hello_World/Debug/../micro_ros_stm32cubemx_utils/microros_static_library_ide/libmicroros/include" -I../Drivers/STM32G4xx_HAL_Driver/Inc/Legacy -I../Drivers/CMSIS/Device/ST/STM32G4xx/Include -I../Drivers/CMSIS/Include -I../Middlewares/Third_Party/FreeRTOS/Source/include -I../Middlewares/Third_Party/FreeRTOS/Source/CMSIS_RTOS_V2 -I../Middlewares/Third_Party/FreeRTOS/Source/portable/GCC/ARM_CM4F -O0 -ffunction-sections -fdata-sections -Wall -fstack-usage -fcyclomatic-complexity -MMD -MP -MF"Core/Src/app_freertos.d" -MT"Core/Src/app_freertos.o" --specs=nano.specs -mfpu=fpv4-sp-d16 -mfloat-abi=hard -mthumb -o "Core/Src/app_freertos.o"
../Core/Src/app_freertos.c: In function 'cmd_vel_callback':
../Core/Src/app_freertos.c:364:63: warning: variable 'angularZ' set but not used [-Wunused-but-set-variable]
  364 |         double linearX, linearY, linearZ, angularX, angularY, angularZ;
      |                                                               ^~~~~~~~
../Core/Src/app_freertos.c:364:53: warning: variable 'angularY' set but not used [-Wunused-but-set-variable]
  364 |         double linearX, linearY, linearZ, angularX, angularY, angularZ;
      |                                                     ^~~~~~~~
../Core/Src/app_freertos.c:364:43: warning: variable 'angularX' set but not used [-Wunused-but-set-variable]
  364 |         double linearX, linearY, linearZ, angularX, angularY, angularZ;
      |                                           ^~~~~~~~
../Core/Src/app_freertos.c:364:34: warning: variable 'linearZ' set but not used [-Wunused-but-set-variable]
  364 |         double linearX, linearY, linearZ, angularX, angularY, angularZ;
      |                                  ^~~~~~~
../Core/Src/app_freertos.c:364:25: warning: variable 'linearY' set but not used [-Wunused-but-set-variable]
  364 |         double linearX, linearY, linearZ, angularX, angularY, angularZ;
      |                         ^~~~~~~
../Core/Src/app_freertos.c:364:16: warning: variable 'linearX' set but not used [-Wunused-but-set-variable]
  364 |         double linearX, linearY, linearZ, angularX, angularY, angularZ;
      |                ^~~~~~~
../Core/Src/app_freertos.c:363:35: warning: unused variable 'rightWheelVelocity' [-Wunused-variable]
  363 |         double leftWheelVelocity, rightWheelVelocity;
      |                                   ^~~~~~~~~~~~~~~~~~
../Core/Src/app_freertos.c:363:16: warning: unused variable 'leftWheelVelocity' [-Wunused-variable]
  363 |         double leftWheelVelocity, rightWheelVelocity;
      |                ^~~~~~~~~~~~~~~~~
../Core/Src/app_freertos.c: In function 'microROSTaskFunction':
../Core/Src/app_freertos.c:232:3: warning: ignoring return value of 'rcl_init_options_init' declared with attribute 'warn_unused_result' [-Wunused-result]
  232 |   rcl_init_options_init(&init_options, allocator);
      |   ^~~~~~~~~~~~~~~~~~~~~~~~~~~~~~~~~~~~~~~~~~~~~~~
arm-none-eabi-gcc -o "micro-Ros_Hello_World.elf" @"objects.list"  -lmicroros -mcpu=cortex-m4 -T"/home/ivan/Desktop/Unicamp/IvanUnicamp/Disciplinas/IM_420_Sistemas_Embarcados_de_Tempo_Real/prof_microRos/micro-Ros_Hello_World/STM32G474RETX_FLASH.ld" --specs=nosys.specs -Wl,-Map="micro-Ros_Hello_World.map" -Wl,--gc-sections -static -L"/home/ivan/Desktop/Unicamp/IvanUnicamp/Disciplinas/IM_420_Sistemas_Embarcados_de_Tempo_Real/prof_microRos/micro-Ros_Hello_World/Debug/../micro_ros_stm32cubemx_utils/microros_static_library_ide/libmicroros" --specs=nano.specs -mfpu=fpv4-sp-d16 -mfloat-abi=hard -mthumb -Wl,--start-group -lc -lm -Wl,--end-group
/home/ivan/st/stm32cubeide_1.16.0/plugins/com.st.stm32cube.ide.mcu.externaltools.gnu-tools-for-stm32.12.3.rel1.linux64_1.0.200.202406132123/tools/bin/../lib/gcc/arm-none-eabi/12.3.1/../../../../arm-none-eabi/bin/ld: warning: micro-Ros_Hello_World.elf has a LOAD segment with RWX permissions
Finished building target: micro-Ros_Hello_World.elf
 
arm-none-eabi-size  micro-Ros_Hello_World.elf 
arm-none-eabi-objdump -h -S micro-Ros_Hello_World.elf  > "micro-Ros_Hello_World.list"
   text	   data	    bss	    dec	    hex	filename
  95320	    368	  76648	 172336	  2a130	micro-Ros_Hello_World.elf
Finished building: default.size.stdout
 
Finished building: micro-Ros_Hello_World.list
 
20:21:32 **** Incremental Build of configuration Debug for project micro-Ros_Hello_World ****
make -j8 all 
docker pull microros/micro_ros_static_library_builder:jazzy && docker run --rm -v "/home/ivan/Desktop/Unicamp/IvanUnicamp/Disciplinas/IM_420_Sistemas_Embarcados_de_Tempo_Real/prof_microRos/micro-Ros_Hello_World":/project --env MICROROS_LIBRARY_FOLDER=micro_ros_stm32cubemx_utils/microros_static_library_ide microros/micro_ros_static_library_builder:jazzy
jazzy: Pulling from microros/micro_ros_static_library_builder
Digest: sha256:0b31cdb6470e979e9f4af9fc83ffd36bbfee441322de8edaf221aa175a29aa7c
Status: Image is up to date for microros/micro_ros_static_library_builder:jazzy
docker.io/microros/micro_ros_static_library_builder:jazzy
dos2unix: converting file /project/micro_ros_stm32cubemx_utils/microros_static_library_ide/library_generation/library_generation.sh to Unix format...
micro-ROS library found. Skipping...
Delete micro_ros_stm32cubemx_utils/microros_static_library_ide/libmicroros/ for rebuild.
 
arm-none-eabi-gcc "../Core/Src/app_freertos.c" -mcpu=cortex-m4 -std=gnu11 -g3 -DDEBUG -DUSE_HAL_DRIVER -DSTM32G474xx -c -I../Core/Inc -I../Drivers/STM32G4xx_HAL_Driver/Inc -I"/home/ivan/Desktop/Unicamp/IvanUnicamp/Disciplinas/IM_420_Sistemas_Embarcados_de_Tempo_Real/prof_microRos/micro-Ros_Hello_World/Debug/../micro_ros_stm32cubemx_utils/microros_static_library_ide/libmicroros/include" -I../Drivers/STM32G4xx_HAL_Driver/Inc/Legacy -I../Drivers/CMSIS/Device/ST/STM32G4xx/Include -I../Drivers/CMSIS/Include -I../Middlewares/Third_Party/FreeRTOS/Source/include -I../Middlewares/Third_Party/FreeRTOS/Source/CMSIS_RTOS_V2 -I../Middlewares/Third_Party/FreeRTOS/Source/portable/GCC/ARM_CM4F -O0 -ffunction-sections -fdata-sections -Wall -fstack-usage -fcyclomatic-complexity -MMD -MP -MF"Core/Src/app_freertos.d" -MT"Core/Src/app_freertos.o" --specs=nano.specs -mfpu=fpv4-sp-d16 -mfloat-abi=hard -mthumb -o "Core/Src/app_freertos.o"
../Core/Src/app_freertos.c: In function 'cmd_vel_callback':
../Core/Src/app_freertos.c:364:63: warning: variable 'angularZ' set but not used [-Wunused-but-set-variable]
  364 |         double linearX, linearY, linearZ, angularX, angularY, angularZ;
      |                                                               ^~~~~~~~
../Core/Src/app_freertos.c:364:53: warning: variable 'angularY' set but not used [-Wunused-but-set-variable]
  364 |         double linearX, linearY, linearZ, angularX, angularY, angularZ;
      |                                                     ^~~~~~~~
../Core/Src/app_freertos.c:364:43: warning: variable 'angularX' set but not used [-Wunused-but-set-variable]
  364 |         double linearX, linearY, linearZ, angularX, angularY, angularZ;
      |                                           ^~~~~~~~
../Core/Src/app_freertos.c:364:34: warning: variable 'linearZ' set but not used [-Wunused-but-set-variable]
  364 |         double linearX, linearY, linearZ, angularX, angularY, angularZ;
      |                                  ^~~~~~~
../Core/Src/app_freertos.c:364:25: warning: variable 'linearY' set but not used [-Wunused-but-set-variable]
  364 |         double linearX, linearY, linearZ, angularX, angularY, angularZ;
      |                         ^~~~~~~
../Core/Src/app_freertos.c:364:16: warning: variable 'linearX' set but not used [-Wunused-but-set-variable]
  364 |         double linearX, linearY, linearZ, angularX, angularY, angularZ;
      |                ^~~~~~~
../Core/Src/app_freertos.c:363:35: warning: unused variable 'rightWheelVelocity' [-Wunused-variable]
  363 |         double leftWheelVelocity, rightWheelVelocity;
      |                                   ^~~~~~~~~~~~~~~~~~
../Core/Src/app_freertos.c:363:16: warning: unused variable 'leftWheelVelocity' [-Wunused-variable]
  363 |         double leftWheelVelocity, rightWheelVelocity;
      |                ^~~~~~~~~~~~~~~~~
../Core/Src/app_freertos.c: In function 'microROSTaskFunction':
../Core/Src/app_freertos.c:232:3: warning: ignoring return value of 'rcl_init_options_init' declared with attribute 'warn_unused_result' [-Wunused-result]
  232 |   rcl_init_options_init(&init_options, allocator);
      |   ^~~~~~~~~~~~~~~~~~~~~~~~~~~~~~~~~~~~~~~~~~~~~~~
arm-none-eabi-gcc -o "micro-Ros_Hello_World.elf" @"objects.list"  -lmicroros -mcpu=cortex-m4 -T"/home/ivan/Desktop/Unicamp/IvanUnicamp/Disciplinas/IM_420_Sistemas_Embarcados_de_Tempo_Real/prof_microRos/micro-Ros_Hello_World/STM32G474RETX_FLASH.ld" --specs=nosys.specs -Wl,-Map="micro-Ros_Hello_World.map" -Wl,--gc-sections -static -L"/home/ivan/Desktop/Unicamp/IvanUnicamp/Disciplinas/IM_420_Sistemas_Embarcados_de_Tempo_Real/prof_microRos/micro-Ros_Hello_World/Debug/../micro_ros_stm32cubemx_utils/microros_static_library_ide/libmicroros" --specs=nano.specs -mfpu=fpv4-sp-d16 -mfloat-abi=hard -mthumb -Wl,--start-group -lc -lm -Wl,--end-group
/home/ivan/st/stm32cubeide_1.16.0/plugins/com.st.stm32cube.ide.mcu.externaltools.gnu-tools-for-stm32.12.3.rel1.linux64_1.0.200.202406132123/tools/bin/../lib/gcc/arm-none-eabi/12.3.1/../../../../arm-none-eabi/bin/ld: warning: micro-Ros_Hello_World.elf has a LOAD segment with RWX permissions
Finished building target: micro-Ros_Hello_World.elf
 
arm-none-eabi-size  micro-Ros_Hello_World.elf 
arm-none-eabi-objdump -h -S micro-Ros_Hello_World.elf  > "micro-Ros_Hello_World.list"
   text	   data	    bss	    dec	    hex	filename
  95320	    368	  76648	 172336	  2a130	micro-Ros_Hello_World.elf
Finished building: default.size.stdout
 
Finished building: micro-Ros_Hello_World.list
 
20:24:47 **** Incremental Build of configuration Debug for project micro-Ros_Hello_World ****
make -j8 all 
docker pull microros/micro_ros_static_library_builder:jazzy && docker run --rm -v "/home/ivan/Desktop/Unicamp/IvanUnicamp/Disciplinas/IM_420_Sistemas_Embarcados_de_Tempo_Real/prof_microRos/micro-Ros_Hello_World":/project --env MICROROS_LIBRARY_FOLDER=micro_ros_stm32cubemx_utils/microros_static_library_ide microros/micro_ros_static_library_builder:jazzy
jazzy: Pulling from microros/micro_ros_static_library_builder
Digest: sha256:0b31cdb6470e979e9f4af9fc83ffd36bbfee441322de8edaf221aa175a29aa7c
Status: Image is up to date for microros/micro_ros_static_library_builder:jazzy
docker.io/microros/micro_ros_static_library_builder:jazzy
dos2unix: converting file /project/micro_ros_stm32cubemx_utils/microros_static_library_ide/library_generation/library_generation.sh to Unix format...
micro-ROS library found. Skipping...
Delete micro_ros_stm32cubemx_utils/microros_static_library_ide/libmicroros/ for rebuild.
 
arm-none-eabi-size  micro-Ros_Hello_World.elf 
   text	   data	    bss	    dec	    hex	filename
  95320	    368	  76648	 172336	  2a130	micro-Ros_Hello_World.elf
Finished building: default.size.stdout
 
20:40:41 **** Incremental Build of configuration Debug for project micro-Ros_Hello_World ****
make -j8 all 
docker pull microros/micro_ros_static_library_builder:jazzy && docker run --rm -v "/home/ivan/Desktop/Unicamp/IvanUnicamp/Disciplinas/IM_420_Sistemas_Embarcados_de_Tempo_Real/prof_microRos/micro-Ros_Hello_World":/project --env MICROROS_LIBRARY_FOLDER=micro_ros_stm32cubemx_utils/microros_static_library_ide microros/micro_ros_static_library_builder:jazzy
jazzy: Pulling from microros/micro_ros_static_library_builder
Digest: sha256:0b31cdb6470e979e9f4af9fc83ffd36bbfee441322de8edaf221aa175a29aa7c
Status: Image is up to date for microros/micro_ros_static_library_builder:jazzy
docker.io/microros/micro_ros_static_library_builder:jazzy
dos2unix: converting file /project/micro_ros_stm32cubemx_utils/microros_static_library_ide/library_generation/library_generation.sh to Unix format...
micro-ROS library found. Skipping...
Delete micro_ros_stm32cubemx_utils/microros_static_library_ide/libmicroros/ for rebuild.
 
arm-none-eabi-size  micro-Ros_Hello_World.elf 
   text	   data	    bss	    dec	    hex	filename
  95320	    368	  76648	 172336	  2a130	micro-Ros_Hello_World.elf
Finished building: default.size.stdout
 
16:39:07 **** Incremental Build of configuration Debug for project micro-Ros_Hello_World ****
make -j8 all 
docker pull microros/micro_ros_static_library_builder:jazzy && docker run --rm -v "/home/ivan/Desktop/Unicamp/IvanUnicamp/Disciplinas/IM_420_Sistemas_Embarcados_de_Tempo_Real/prof_microRos/micro-Ros_Hello_World":/project --env MICROROS_LIBRARY_FOLDER=micro_ros_stm32cubemx_utils/microros_static_library_ide microros/micro_ros_static_library_builder:jazzy
jazzy: Pulling from microros/micro_ros_static_library_builder
Digest: sha256:0b31cdb6470e979e9f4af9fc83ffd36bbfee441322de8edaf221aa175a29aa7c
Status: Image is up to date for microros/micro_ros_static_library_builder:jazzy
docker.io/microros/micro_ros_static_library_builder:jazzy
dos2unix: converting file /project/micro_ros_stm32cubemx_utils/microros_static_library_ide/library_generation/library_generation.sh to Unix format...
micro-ROS library found. Skipping...
Delete micro_ros_stm32cubemx_utils/microros_static_library_ide/libmicroros/ for rebuild.
 
arm-none-eabi-size  micro-Ros_Hello_World.elf 
   text	   data	    bss	    dec	    hex	filename
  95320	    368	  76648	 172336	  2a130	micro-Ros_Hello_World.elf
Finished building: default.size.stdout
 
16:43:59 **** Incremental Build of configuration Debug for project micro-Ros_Hello_World ****
make -j8 all 
docker pull microros/micro_ros_static_library_builder:jazzy && docker run --rm -v "/home/ivan/Desktop/Unicamp/IvanUnicamp/Disciplinas/IM_420_Sistemas_Embarcados_de_Tempo_Real/prof_microRos/micro-Ros_Hello_World":/project --env MICROROS_LIBRARY_FOLDER=micro_ros_stm32cubemx_utils/microros_static_library_ide microros/micro_ros_static_library_builder:jazzy
jazzy: Pulling from microros/micro_ros_static_library_builder
Digest: sha256:0b31cdb6470e979e9f4af9fc83ffd36bbfee441322de8edaf221aa175a29aa7c
Status: Image is up to date for microros/micro_ros_static_library_builder:jazzy
docker.io/microros/micro_ros_static_library_builder:jazzy
dos2unix: converting file /project/micro_ros_stm32cubemx_utils/microros_static_library_ide/library_generation/library_generation.sh to Unix format...
micro-ROS library found. Skipping...
Delete micro_ros_stm32cubemx_utils/microros_static_library_ide/libmicroros/ for rebuild.
 
arm-none-eabi-size  micro-Ros_Hello_World.elf 
   text	   data	    bss	    dec	    hex	filename
  95320	    368	  76648	 172336	  2a130	micro-Ros_Hello_World.elf
Finished building: default.size.stdout
 
17:14:30 **** Incremental Build of configuration Debug for project micro-Ros_Hello_World ****
make -j8 all 
docker pull microros/micro_ros_static_library_builder:jazzy && docker run --rm -v "/home/ivan/Desktop/Unicamp/IvanUnicamp/Disciplinas/IM_420_Sistemas_Embarcados_de_Tempo_Real/prof_microRos/micro-Ros_Hello_World":/project --env MICROROS_LIBRARY_FOLDER=micro_ros_stm32cubemx_utils/microros_static_library_ide microros/micro_ros_static_library_builder:jazzy
jazzy: Pulling from microros/micro_ros_static_library_builder
Digest: sha256:0b31cdb6470e979e9f4af9fc83ffd36bbfee441322de8edaf221aa175a29aa7c
Status: Image is up to date for microros/micro_ros_static_library_builder:jazzy
docker.io/microros/micro_ros_static_library_builder:jazzy
dos2unix: converting file /project/micro_ros_stm32cubemx_utils/microros_static_library_ide/library_generation/library_generation.sh to Unix format...
micro-ROS library found. Skipping...
Delete micro_ros_stm32cubemx_utils/microros_static_library_ide/libmicroros/ for rebuild.
 
arm-none-eabi-size  micro-Ros_Hello_World.elf 
   text	   data	    bss	    dec	    hex	filename
  95320	    368	  76648	 172336	  2a130	micro-Ros_Hello_World.elf
Finished building: default.size.stdout
 
17:29:34 **** Incremental Build of configuration Debug for project micro-Ros_Hello_World ****
make -j8 all 
docker pull microros/micro_ros_static_library_builder:jazzy && docker run --rm -v "/home/ivan/Desktop/Unicamp/IvanUnicamp/Disciplinas/IM_420_Sistemas_Embarcados_de_Tempo_Real/prof_microRos/micro-Ros_Hello_World":/project --env MICROROS_LIBRARY_FOLDER=micro_ros_stm32cubemx_utils/microros_static_library_ide microros/micro_ros_static_library_builder:jazzy
jazzy: Pulling from microros/micro_ros_static_library_builder
Digest: sha256:0b31cdb6470e979e9f4af9fc83ffd36bbfee441322de8edaf221aa175a29aa7c
Status: Image is up to date for microros/micro_ros_static_library_builder:jazzy
docker.io/microros/micro_ros_static_library_builder:jazzy
dos2unix: converting file /project/micro_ros_stm32cubemx_utils/microros_static_library_ide/library_generation/library_generation.sh to Unix format...
micro-ROS library found. Skipping...
Delete micro_ros_stm32cubemx_utils/microros_static_library_ide/libmicroros/ for rebuild.
 
arm-none-eabi-size  micro-Ros_Hello_World.elf 
   text	   data	    bss	    dec	    hex	filename
  95320	    368	  76648	 172336	  2a130	micro-Ros_Hello_World.elf
Finished building: default.size.stdout
 
18:03:30 **** Incremental Build of configuration Debug for project micro-Ros_Hello_World ****
make -j8 all 
docker pull microros/micro_ros_static_library_builder:jazzy && docker run --rm -v "/home/ivan/Desktop/Unicamp/IvanUnicamp/Disciplinas/IM_420_Sistemas_Embarcados_de_Tempo_Real/prof_microRos/micro-Ros_Hello_World":/project --env MICROROS_LIBRARY_FOLDER=micro_ros_stm32cubemx_utils/microros_static_library_ide microros/micro_ros_static_library_builder:jazzy
jazzy: Pulling from microros/micro_ros_static_library_builder
Digest: sha256:0b31cdb6470e979e9f4af9fc83ffd36bbfee441322de8edaf221aa175a29aa7c
Status: Image is up to date for microros/micro_ros_static_library_builder:jazzy
docker.io/microros/micro_ros_static_library_builder:jazzy
dos2unix: converting file /project/micro_ros_stm32cubemx_utils/microros_static_library_ide/library_generation/library_generation.sh to Unix format...
micro-ROS library found. Skipping...
Delete micro_ros_stm32cubemx_utils/microros_static_library_ide/libmicroros/ for rebuild.
 
arm-none-eabi-size  micro-Ros_Hello_World.elf 
   text	   data	    bss	    dec	    hex	filename
  95320	    368	  76648	 172336	  2a130	micro-Ros_Hello_World.elf
Finished building: default.size.stdout
 
20:15:37 **** Incremental Build of configuration Debug for project micro-Ros_Hello_World ****
make -j8 all 
docker pull microros/micro_ros_static_library_builder:jazzy && docker run --rm -v "/home/ivan/Desktop/Unicamp/IvanUnicamp/Disciplinas/IM_420_Sistemas_Embarcados_de_Tempo_Real/prof_microRos/micro-Ros_Hello_World":/project --env MICROROS_LIBRARY_FOLDER=micro_ros_stm32cubemx_utils/microros_static_library_ide microros/micro_ros_static_library_builder:jazzy
jazzy: Pulling from microros/micro_ros_static_library_builder
Digest: sha256:0b31cdb6470e979e9f4af9fc83ffd36bbfee441322de8edaf221aa175a29aa7c
Status: Image is up to date for microros/micro_ros_static_library_builder:jazzy
docker.io/microros/micro_ros_static_library_builder:jazzy
dos2unix: converting file /project/micro_ros_stm32cubemx_utils/microros_static_library_ide/library_generation/library_generation.sh to Unix format...
micro-ROS library found. Skipping...
Delete micro_ros_stm32cubemx_utils/microros_static_library_ide/libmicroros/ for rebuild.
 
arm-none-eabi-size  micro-Ros_Hello_World.elf 
   text	   data	    bss	    dec	    hex	filename
  95320	    368	  76648	 172336	  2a130	micro-Ros_Hello_World.elf
Finished building: default.size.stdout
 
