20:15:37 **** Incremental Build of configuration Debug for project micro-Ros_Hello_World ****
make -j8 all 
docker pull microros/micro_ros_static_library_builder:jazzy && docker run --rm -v "/home/ivan/Desktop/Unicamp/IvanUnicamp/Disciplinas/IM_420_Sistemas_Embarcados_de_Tempo_Real/prof_microRos/micro-Ros_Hello_World":/project --env MICROROS_LIBRARY_FOLDER=micro_ros_stm32cubemx_utils/microros_static_library_ide microros/micro_ros_static_library_builder:jazzy
jazzy: Pulling from microros/micro_ros_static_library_builder
Digest: sha256:0b31cdb6470e979e9f4af9fc83ffd36bbfee441322de8edaf221aa175a29aa7c
Status: Image is up to date for microros/micro_ros_static_library_builder:jazzy
docker.io/microros/micro_ros_static_library_builder:jazzy
dos2unix: converting file /project/micro_ros_stm32cubemx_utils/microros_static_library_ide/library_generation/library_generation.sh to Unix format...
micro-ROS library found. Skipping...
Delete micro_ros_stm32cubemx_utils/microros_static_library_ide/libmicroros/ for rebuild.
 
arm-none-eabi-size  micro-Ros_Hello_World.elf 
   text	   data	    bss	    dec	    hex	filename
  95320	    368	  76648	 172336	  2a130	micro-Ros_Hello_World.elf
Finished building: default.size.stdout
 

20:15:40 Build Finished. 0 errors, 0 warnings. (took 2s.577ms)

