16:24:57 **** Incremental Build of configuration Debug for project teste1 ****
make -j8 all 
docker pull microros/micro_ros_static_library_builder:jazzy && docker run --rm -v "/home/ivan/Desktop/Unicamp/IvanUnicamp/Disciplinas/IM_420_Sistemas_Embarcados_de_Tempo_Real/Trabalho/microros_ros/teste1":/project --env MICROROS_LIBRARY_FOLDER=micro_ros_stm32cubemx_utils/microros_static_library_ide microros/micro_ros_static_library_builder:jazzy
jazzy: Pulling from microros/micro_ros_static_library_builder
Digest: sha256:0b31cdb6470e979e9f4af9fc83ffd36bbfee441322de8edaf221aa175a29aa7c
Status: Image is up to date for microros/micro_ros_static_library_builder:jazzy
docker.io/microros/micro_ros_static_library_builder:jazzy
dos2unix: converting file /project/micro_ros_stm32cubemx_utils/microros_static_library_ide/library_generation/library_generation.sh to Unix format...
micro-ROS library found. Skipping...
Delete micro_ros_stm32cubemx_utils/microros_static_library_ide/libmicroros/ for rebuild.
 
arm-none-eabi-gcc "../Core/Src/app_freertos.c" -mcpu=cortex-m4 -std=gnu11 -g3 -DDEBUG -DUSE_HAL_DRIVER -DSTM32G474xx -c -I../Core/Inc -I"/home/ivan/Desktop/Unicamp/IvanUnicamp/Disciplinas/IM_420_Sistemas_Embarcados_de_Tempo_Real/Trabalho/microros_ros/teste1/Debug/../micro_ros_stm32cubemx_utils/microros_static_library_ide/libmicroros/include" -I../Drivers/STM32G4xx_HAL_Driver/Inc -I../Drivers/STM32G4xx_HAL_Driver/Inc/Legacy -I../Drivers/CMSIS/Device/ST/STM32G4xx/Include -I../Drivers/CMSIS/Include -I../Middlewares/Third_Party/FreeRTOS/Source/include -I../Middlewares/Third_Party/FreeRTOS/Source/CMSIS_RTOS_V2 -I../Middlewares/Third_Party/FreeRTOS/Source/portable/GCC/ARM_CM4F -O0 -ffunction-sections -fdata-sections -Wall -fstack-usage -fcyclomatic-complexity -MMD -MP -MF"Core/Src/app_freertos.d" -MT"Core/Src/app_freertos.o" --specs=nano.specs -mfpu=fpv4-sp-d16 -mfloat-abi=hard -mthumb -o "Core/Src/app_freertos.o"
../Core/Src/app_freertos.c: In function 'microROSTaskFunction':
../Core/Src/app_freertos.c:184:9: warning: ignoring return value of 'rcl_init_options_init' declared with attribute 'warn_unused_result' [-Wunused-result]
  184 |         rcl_init_options_init(&init_options, allocator);
      |         ^~~~~~~~~~~~~~~~~~~~~~~~~~~~~~~~~~~~~~~~~~~~~~~
../Core/Src/app_freertos.c:185:9: warning: ignoring return value of 'rcl_init_options_set_domain_id' declared with attribute 'warn_unused_result' [-Wunused-result]
  185 |         rcl_init_options_set_domain_id(&init_options, 25);
      |         ^~~~~~~~~~~~~~~~~~~~~~~~~~~~~~~~~~~~~~~~~~~~~~~~~
arm-none-eabi-gcc -o "teste1.elf" @"objects.list"  -lmicroros -mcpu=cortex-m4 -T"/home/ivan/Desktop/Unicamp/IvanUnicamp/Disciplinas/IM_420_Sistemas_Embarcados_de_Tempo_Real/Trabalho/microros_ros/teste1/STM32G474RETX_FLASH.ld" --specs=nosys.specs -Wl,-Map="teste1.map" -Wl,--gc-sections -static -L"/home/ivan/Desktop/Unicamp/IvanUnicamp/Disciplinas/IM_420_Sistemas_Embarcados_de_Tempo_Real/Trabalho/microros_ros/teste1/Debug/../micro_ros_stm32cubemx_utils/microros_static_library_ide/libmicroros" --specs=nano.specs -mfpu=fpv4-sp-d16 -mfloat-abi=hard -mthumb -Wl,--start-group -lc -lm -Wl,--end-group
Finished building target: teste1.elf
 
arm-none-eabi-size  teste1.elf 
arm-none-eabi-objdump -h -S teste1.elf  > "teste1.list"
   text	   data	    bss	    dec	    hex	filename
  86176	   2920	  67504	 156600	  263b8	teste1.elf
Finished building: default.size.stdout
 
Finished building: teste1.list
 

16:25:01 Build Finished. 0 errors, 2 warnings. (took 3s.585ms)

