../Core/Src/app_freertos.c:239:6:MX_FREERTOS_Init	8	static
../Core/Src/app_freertos.c:332:6:defaultTaskFunc	24	static
../Core/Src/app_freertos.c:363:6:BT_uart_func	16	static
../Core/Src/app_freertos.c:426:6:printGateKeeperFunc	56	static
../Core/Src/app_freertos.c:452:6:writeSetpointFunc	24	static
../Core/Src/app_freertos.c:498:6:readFromHostFunc	56	static
../Core/Src/app_freertos.c:532:6:readFromIMUFunc	16	static
../Core/Src/app_freertos.c:558:6:updateControlFunc	136	static
../Core/Src/app_freertos.c:628:6:convertSetpointToStepsFunc	56	static
../Core/Src/app_freertos.c:692:6:sendToHostFunc	16	static
../Core/Src/app_freertos.c:717:6:moveYawMotorFunc	32	static
../Core/Src/app_freertos.c:740:6:moveRollMotorFunc	32	static
../Core/Src/app_freertos.c:772:6:HAL_UART_RxCpltCallback	16	static
../Core/Src/app_freertos.c:808:6:vSendUARTstepCommand	32	static
../Core/Src/app_freertos.c:863:6:step	32	static
../Core/Src/app_freertos.c:887:6:microDelay	24	static
../Core/Src/app_freertos.c:912:5:_write	72	static
