../Core/Src/app_freertos.c:238:6:MX_FREERTOS_Init	8	static
../Core/Src/app_freertos.c:331:6:defaultTaskFunc	16	static
../Core/Src/app_freertos.c:353:6:BT_uart_func	16	static
../Core/Src/app_freertos.c:390:6:printGateKeeperFunc	56	static
../Core/Src/app_freertos.c:416:6:writeSetpointFunc	24	static
../Core/Src/app_freertos.c:456:6:readFromHostFunc	40	static
../Core/Src/app_freertos.c:498:6:readFromIMUFunc	16	static
../Core/Src/app_freertos.c:524:6:updateControlFunc	152	static
../Core/Src/app_freertos.c:584:6:convertSetpointToStepsFunc	48	static
../Core/Src/app_freertos.c:626:6:sendToHostFunc	16	static
../Core/Src/app_freertos.c:649:6:moveYawMotorFunc	32	static
../Core/Src/app_freertos.c:672:6:moveRollMotorFunc	32	static
../Core/Src/app_freertos.c:702:6:HAL_UART_RxCpltCallback	16	static
../Core/Src/app_freertos.c:731:6:step	32	static
../Core/Src/app_freertos.c:753:6:microDelay	24	static
../Core/Src/app_freertos.c:778:5:_write	64	static
